<html>
<body>
<pre>
<h1>�Vision Build Log</h1>
<h2>Tool Versions:</h2>
IDE-Version: ��Vision V5.39.0.0
Copyright (C) 2023 ARM Ltd and ARM Germany GmbH. All rights reserved.
License Information: 1 hp, 2, LIC=7YKYW-QAB68-WKFB8-3HGEF-N10VF-X1PID
 
Tool Versions:
Toolchain:       MDK-ARM Professional  Version: 5.39.0.0
Toolchain Path:  D:\Keil5\Core\ARM\ARMCLANG\Bin
C Compiler:      ArmClang.exe V6.21
Assembler:       Armasm.exe V6.21
Linker/Locator:  ArmLink.exe V6.21
Library Manager: ArmAr.exe V6.21
Hex Converter:   FromElf.exe V6.21
CPU DLL:         SARMCM3.DLL V5.39.0.0
Dialog DLL:      DCM.DLL V1.17.5.0
Target DLL:      Segger\JL2CM3.dll V2.99.43.0
Dialog DLL:      TCM.DLL V1.56.4.0
 
<h2>Project:</h2>
C:\Users\hp\Desktop\2026_tank\tank_chassis\MDK-ARM\tank_chassis.uvprojx
Project File Date:  09/18/2026

<h2>Output:</h2>
*** Using Compiler 'V6.21', folder: 'D:\Keil5\Core\ARM\ARMCLANG\Bin'
*** Warning: You are compiling one or more files of source type C++ and have selected 'use MicroLIB'. MicroLIB does not support C++!
  
Build target 'tank_chassis'
compiling fdcan_bus.cpp...
compiling gimbal_refree.cpp...
compiling super_cupacitor.cpp...
compiling uart_bus.cpp...
../RtosTask/can_send_task.cpp(2): warning: In file included from...
../RtosTask/remote_task.hpp(13): warning: anonymous non-C-compatible type given name for linkage purposes by typedef declaration; add a tag name here [-Wnon-c-typedef-for-linkage]
   13 | typedef struct
      |               ^
      |                RemoteData_t
../RtosTask/remote_task.hpp(15): note: type is not C-compatible due to this default member initializer
   15 |     float vx = 0.0f; // 前后速度，单位 m/s
      |                ^~~~
../RtosTask/remote_task.hpp(20): note: type is given name 'RemoteData_t' for linkage purposes by this typedef declaration
   20 | } RemoteData_t;
      |   ^
1 warning generated.
compiling can_send_task.cpp...
linking...
Program Size: Code=149260 RO-data=3088 RW-data=212 ZI-data=242804  
FromELF: creating hex file...
"tank_chassis\tank_chassis.axf" - 0 Error(s), 1 Warning(s).

<h2>Software Packages used:</h2>

Package Vendor: ARM
                http://www.keil.com/pack/ARM.CMSIS.5.9.0.pack
                ARM::CMSIS@5.9.0
                CMSIS (Common Microcontroller Software Interface Standard)
   * Component: CORE Version: 5.6.0

Package Vendor: Keil
                https://www.keil.com/pack/Keil.STM32H7xx_DFP.4.1.3.pack
                Keil::STM32H7xx_DFP@4.1.3
                STMicroelectronics STM32H7 Series Device Support

<h2>Collection of Component include folders:</h2>
  ./RTE/_tank_chassis
  D:/Keil5/Pack/ARM/CMSIS/5.9.0/CMSIS/Core/Include

<h2>Collection of Component Files used:</h2>

   * Component: ARM::CMSIS:CORE@5.6.0
      Include file:  CMSIS/Core/Include/tz_context.h
Build Time Elapsed:  00:00:04
</pre>
</body>
</html>
