*** Using Compiler 'V6.21', folder: 'D:\Keil5\Core\ARM\ARMCLANG\Bin'
*** Warning: You are compiling one or more files of source type C++ and have selected 'use MicroLIB'. MicroLIB does not support C++!
  
Rebuild target 'tank_chassis'
compiling stm32h7xx_hal_timebase_tim.c...
compiling dma.c...
compiling stm32h7xx_it.c...
compiling stm32h7xx_hal_pcd.c...
compiling fdcan.c...
compiling main.c...
compiling tim.c...
compiling gpio.c...
assembling startup_stm32h723xx.s...
compiling spi.c...
compiling stm32h7xx_hal_msp.c...
compiling stm32h7xx_hal_pcd_ex.c...
compiling freertos.c...
compiling usart.c...
compiling stm32h7xx_hal_tim_ex.c...
compiling stm32h7xx_hal_flash.c...
compiling stm32h7xx_hal_rcc.c...
compiling stm32h7xx_hal_rcc_ex.c...
compiling stm32h7xx_ll_usb.c...
compiling stm32h7xx_hal_tim.c...
compiling stm32h7xx_hal_flash_ex.c...
compiling stm32h7xx_hal_hsem.c...
compiling stm32h7xx_hal_gpio.c...
compiling stm32h7xx_hal_dma_ex.c...
compiling stm32h7xx_hal_pwr.c...
compiling stm32h7xx_hal_mdma.c...
compiling stm32h7xx_hal_dma.c...
compiling stm32h7xx_hal_pwr_ex.c...
compiling stm32h7xx_hal_cortex.c...
compiling stm32h7xx_hal.c...
compiling stm32h7xx_hal_i2c_ex.c...
compiling stm32h7xx_hal_exti.c...
compiling stm32h7xx_hal_spi_ex.c...
compiling stm32h7xx_hal_fdcan.c...
compiling stm32h7xx_hal_i2c.c...
compiling stm32h7xx_hal_uart_ex.c...
compiling stm32h7xx_hal_spi.c...
compiling system_stm32h7xx.c...
compiling usb_device.c...
compiling usbd_desc.c...
compiling usbd_cdc_if.c...
compiling stm32h7xx_hal_uart.c...
compiling croutine.c...
compiling usbd_conf.c...
compiling event_groups.c...
compiling list.c...
compiling queue.c...
compiling stream_buffer.c...
compiling tasks.c...
compiling timers.c...
compiling heap_4.c...
compiling port.c...
compiling cmsis_os2.c...
compiling usbd_core.c...
compiling usbd_ctlreq.c...
compiling usbd_ioreq.c...
compiling usbd_cdc.c...
compiling alg_fsm.cpp...
compiling Feedforward.cpp...
compiling Filter.cpp...
compiling HI14.cpp...
compiling SlopPlanning.cpp...
compiling simple_bmi088.c...
compiling state_watch.cpp...
compiling buzzer_manager.cpp...
compiling RM_RefereeSystemCRC.cpp...
compiling pid.cpp...
compiling chassis_keyboard_fsm.cpp...
compiling chassis_fsm.cpp...
compiling DT7.cpp...
compiling RM_RefereeSystem.cpp...
compiling fdcan_bus_impl.cpp...
compiling RMRefereeSystemUI.cpp...
compiling fdcan_bus.cpp...
compiling fdcan_device.cpp...
compiling fdcan_device_impl.cpp...
compiling uart_bus.cpp...
compiling uart_bus_impl.cpp...
compiling uart_device_impl.cpp...
../RtosTask/UI_task.cpp(3): warning: In file included from...../RtosTask/remote_task.hpp(13): warning: anonymous non-C-compatible type given name for linkage purposes by typedef declaration; add a tag name here [-Wnon-c-typedef-for-linkage]
   13 | typedef struct
      |               ^
      |                RemoteData_t
../RtosTask/remote_task.hpp(15): note: type is not C-compatible due to this default member initializer
   15 |     float vx = 0.0f; // 前后速度，单位 m/s
      |                ^~~~
../RtosTask/remote_task.hpp(20): note: type is given name 'RemoteData_t' for linkage purposes by this typedef declaration
   20 | } RemoteData_t;
      |   ^
1 warning generated.
compiling UI_task.cpp...
compiling up_stair.cpp...
../RtosTask/remote_task.cpp(1): warning: In file included from...../RtosTask/remote_task.hpp(13): warning: anonymous non-C-compatible type given name for linkage purposes by typedef declaration; add a tag name here [-Wnon-c-typedef-for-linkage]
   13 | typedef struct
      |               ^
      |                RemoteData_t
../RtosTask/remote_task.hpp(15): note: type is not C-compatible due to this default member initializer
   15 |     float vx = 0.0f; // 前后速度，单位 m/s
      |                ^~~~
../RtosTask/remote_task.hpp(20): note: type is given name 'RemoteData_t' for linkage purposes by this typedef declaration
   20 | } RemoteData_t;
      |   ^
1 warning generated.
compiling remote_task.cpp...
../RtosTask/can_send_task.cpp(2): warning: In file included from...../RtosTask/remote_task.hpp(13): warning: anonymous non-C-compatible type given name for linkage purposes by typedef declaration; add a tag name here [-Wnon-c-typedef-for-linkage]
   13 | typedef struct
      |               ^
      |                RemoteData_t
../RtosTask/remote_task.hpp(15): note: type is not C-compatible due to this default member initializer
   15 |     float vx = 0.0f; // 前后速度，单位 m/s
      |                ^~~~
../RtosTask/remote_task.hpp(20): note: type is given name 'RemoteData_t' for linkage purposes by this typedef declaration
   20 | } RemoteData_t;
      |   ^
1 warning generated.
compiling can_send_task.cpp...
compiling gimbal_refree.cpp...
compiling super_cupacitor.cpp...
linking...
Program Size: Code=153180 RO-data=3148 RW-data=452 ZI-data=248268  
FromELF: creating hex file...
"tank_chassis\tank_chassis.axf" - 0 Error(s), 3 Warning(s).
Build Time Elapsed:  00:00:07
