*** Using Compiler 'V6.21', folder: 'D:\Keil5\Core\ARM\ARMCLANG\Bin'
Rebuild target 'tank_gimbal'
assembling startup_stm32h723xx.s...
compiling tim.c...
compiling usbd_conf.c...
compiling usb_device.c...
compiling stm32h7xx_hal_msp.c...
compiling main.c...
compiling freertos.c...
compiling gpio.c...
compiling dma.c...
compiling stm32h7xx_it.c...
compiling stm32h7xx_hal_timebase_tim.c...
compiling usbd_desc.c...
compiling usbd_cdc_if.c...
compiling fdcan.c...
compiling usart.c...
compiling stm32h7xx_hal_pcd_ex.c...
compiling stm32h7xx_hal_tim.c...
compiling stm32h7xx_hal_tim_ex.c...
compiling stm32h7xx_hal_pcd.c...
compiling stm32h7xx_ll_usb.c...
compiling stm32h7xx_hal_flash.c...
compiling stm32h7xx_hal_rcc.c...
compiling stm32h7xx_hal_flash_ex.c...
compiling stm32h7xx_hal_gpio.c...
compiling stm32h7xx_hal_rcc_ex.c...
compiling stm32h7xx_hal_hsem.c...
compiling stm32h7xx_hal_pwr.c...
compiling stm32h7xx_hal_dma_ex.c...
compiling stm32h7xx_hal_mdma.c...
compiling stm32h7xx_hal_pwr_ex.c...
compiling stm32h7xx_hal_dma.c...
compiling stm32h7xx_hal_cortex.c...
compiling stm32h7xx_hal.c...
compiling stm32h7xx_hal_i2c_ex.c...
compiling stm32h7xx_hal_exti.c...
compiling croutine.c...
compiling stm32h7xx_hal_uart_ex.c...
compiling system_stm32h7xx.c...
compiling list.c...
compiling event_groups.c...
compiling stm32h7xx_hal_i2c.c...
compiling stm32h7xx_hal_fdcan.c...
compiling stm32h7xx_hal_uart.c...
compiling stream_buffer.c...
compiling queue.c...
compiling timers.c...
compiling heap_4.c...
compiling tasks.c...
compiling port.c...
compiling cmsis_os2.c...
compiling usbd_core.c...
compiling usbd_ioreq.c...
compiling usbd_ctlreq.c...
compiling usbd_cdc.c...
compiling Feedforward.cpp...
compiling single_shot_heat_limiter.cpp...
compiling Filter.cpp...
compiling alg_fsm.cpp...
compiling fire_control.cpp...
compiling friction_shot_detector.cpp...
compiling state_watch.cpp...
compiling buzzer_manager.cpp...
../user/core/Alg/ADRC/adrc.cpp(7): warning: ignoring return value of function declared with 'nodiscard' attribute [-Wunused-result]
    7 |     std::clamp(U, GetMin(), GetMax());
      |     ^~~~~~~~~~ ~~~~~~~~~~~~~~~~~~~~~
../user/core/Alg/ADRC/adrc.cpp(39): warning: ignoring return value of function declared with 'nodiscard' attribute [-Wunused-result]
   39 |     std::clamp(U, GetMin(), GetMax());
      |     ^~~~~~~~~~ ~~~~~~~~~~~~~~~~~~~~~
2 warnings generated.
compiling adrc.cpp...
compiling HI14.cpp...
compiling pid.cpp...
compiling DT7.cpp...
compiling input_dispatcher.cpp...
compiling vision_communication.cpp...
compiling fdcan_bus_impl.cpp...
../feeder_fsm/feeder_fsm.cpp(15): warning: In file included from...../feeder_fsm/feeder_fsm.hpp(94): warning: typedef requires a name [-Wmissing-declarations]
   94 | typedef struct Struct_Feeder_Input
      | ^~~~~~~
1 warning generated.
compiling feeder_fsm.cpp...
compiling fdcan_bus.cpp...
compiling fdcan_device.cpp...
compiling uart_bus_impl.cpp...
compiling fdcan_device_impl.cpp...
compiling uart_bus.cpp...
compiling uart_device_impl.cpp...
../communication_between_boards/boards_communication.cpp(1): warning: In file included from...../RtosTask\can_send_task.hpp(8): warning: In file included from...../RtosTask/gimbal_task.hpp(9): warning: In file included from...../RtosTask/../feeder_fsm/feeder_fsm.hpp(94): warning: typedef requires a name [-Wmissing-declarations]
   94 | typedef struct Struct_Feeder_Input
      | ^~~~~~~
../communication_between_boards/boards_communication.cpp(1): warning: In file included from...../RtosTask\can_send_task.hpp(8): warning: In file included from...../RtosTask/gimbal_task.hpp(10): warning: In file included from...../RtosTask/../feeder_fsm/friction_fsm.hpp(27): warning: typedef requires a name [-Wmissing-declarations]
   27 | typedef struct Struct_Friction_Input
      | ^~~~~~~
2 warnings generated.
compiling boards_communication.cpp...
../RtosTask/gimbal_task.cpp(1): warning: In file included from...../RtosTask/gimbal_task.hpp(9): warning: In file included from...../RtosTask/../feeder_fsm/feeder_fsm.hpp(94): warning: typedef requires a name [-Wmissing-declarations]
   94 | typedef struct Struct_Feeder_Input
      | ^~~~~~~
../RtosTask/gimbal_task.cpp(1): warning: In file included from...../RtosTask/gimbal_task.hpp(10): warning: In file included from...../RtosTask/../feeder_fsm/friction_fsm.hpp(27): warning: typedef requires a name [-Wmissing-declarations]
   27 | typedef struct Struct_Friction_Input
      | ^~~~~~~
2 warnings generated.
compiling gimbal_task.cpp...
../feeder_fsm/friction_fsm.cpp(1): warning: In file included from...../feeder_fsm/friction_fsm.hpp(27): warning: typedef requires a name [-Wmissing-declarations]
   27 | typedef struct Struct_Friction_Input
      | ^~~~~~~
1 warning generated.
compiling friction_fsm.cpp...
../RtosTask/remote_control_task.cpp(9): warning: In file included from...../RtosTask/gimbal_task.hpp(9): warning: In file included from...../RtosTask/../feeder_fsm/feeder_fsm.hpp(94): warning: typedef requires a name [-Wmissing-declarations]
   94 | typedef struct Struct_Feeder_Input
      | ^~~~~~~
../RtosTask/remote_control_task.cpp(9): warning: In file included from...../RtosTask/gimbal_task.hpp(10): warning: In file included from...../RtosTask/../feeder_fsm/friction_fsm.hpp(27): warning: typedef requires a name [-Wmissing-declarations]
   27 | typedef struct Struct_Friction_Input
      | ^~~~~~~
2 warnings generated.
compiling remote_control_task.cpp...
compiling refree_receive.cpp...
../RtosTask/can_send_task.cpp(1): warning: In file included from...../RtosTask/can_send_task.hpp(8): warning: In file included from...../RtosTask/gimbal_task.hpp(9): warning: In file included from...../RtosTask/../feeder_fsm/feeder_fsm.hpp(94): warning: typedef requires a name [-Wmissing-declarations]
   94 | typedef struct Struct_Feeder_Input
      | ^~~~~~~
../RtosTask/can_send_task.cpp(1): warning: In file included from...../RtosTask/can_send_task.hpp(8): warning: In file included from...../RtosTask/gimbal_task.hpp(10): warning: In file included from...../RtosTask/../feeder_fsm/friction_fsm.hpp(27): warning: typedef requires a name [-Wmissing-declarations]
   27 | typedef struct Struct_Friction_Input
      | ^~~~~~~
../RtosTask/can_send_task.cpp(10): warning: In file included from...../RtosTask/../feeder_fsm/gimbal_fsm.hpp(31): warning: typedef requires a name [-Wmissing-declarations]
   31 | typedef struct Struct_Gimbal_FSM_Config
      | ^~~~~~~
../RtosTask/../feeder_fsm/gimbal_fsm.hpp(45): warning: typedef requires a name [-Wmissing-declarations]
   45 | typedef struct Struct_Gimbal_Input
      | ^~~~~~~
../RtosTask/can_send_task.cpp(539): warning: implicit conversion from 'int' to 'uint8_t' (aka 'unsigned char') changes value from 321 to 65 [-Wconstant-conversion]
  539 |   const bool pitch_motor_online = gimbal_motor.isConnected(1, 0x141);
      |                                                ~~~~~~~~~~~    ^~~~~
../RtosTask/can_send_task.cpp(540): warning: implicit conversion from 'int' to 'uint8_t' (aka 'unsigned char') changes value from 322 to 66 [-Wconstant-conversion]
  540 |   const bool yaw_motor_online = gimbal_motor.isConnected(2, 0x142);
      |                                              ~~~~~~~~~~~    ^~~~~
6 warnings generated.
compiling can_send_task.cpp...
../feeder_fsm/gimbal_fsm.cpp(1): warning: In file included from...../feeder_fsm/gimbal_fsm.hpp(31): warning: typedef requires a name [-Wmissing-declarations]
   31 | typedef struct Struct_Gimbal_FSM_Config
      | ^~~~~~~
../feeder_fsm/gimbal_fsm.hpp(45): warning: typedef requires a name [-Wmissing-declarations]
   45 | typedef struct Struct_Gimbal_Input
      | ^~~~~~~
2 warnings generated.
compiling gimbal_fsm.cpp...
linking...
Program Size: Code=152812 RO-data=2600 RW-data=420 ZI-data=247932  
FromELF: creating hex file...
"tank_gimbal\tank_gimbal.axf" - 0 Error(s), 18 Warning(s).
Build Time Elapsed:  00:00:07
